2025-06-15T17:32:56.355Z [INFO] init session from plan.md file...
2025-06-15T17:32:56.356Z [INFO] transforming markdown content to JSON...
2025-06-15T17:33:06.246Z [INFO] Validating build tool: {"name":"mvn","path":"/opt/homebrew/Cellar/maven/3.9.10/bin","version":"","defaultOptions":""}
2025-06-15T17:33:06.246Z [INFO] The build tool is Maven, path: /opt/homebrew/Cellar/maven/3.9.10/bin
2025-06-15T17:33:06.248Z [INFO] [Project java-on-azure-day]: getting dependencies promise.
2025-06-15T17:33:06.248Z [INFO] [Project java-on-azure-day]: reset dependencies promise.
2025-06-15T17:33:06.248Z [INFO] [Environment] Running command (Java 8): mvn dependency:tree -B
[INFO] Scanning for projects...
[INFO] 
[INFO] -------------------< com.example:ticket-reservation >-------------------
[INFO] Building Ticket Reservation System 1.0.0
[INFO]   from pom.xml
[INFO] --------------------------------[ war ]---------------------------------
[INFO] 
[INFO] --- dependency:3.7.0:tree (default-cli) @ ticket-reservation ---
[INFO] com.example:ticket-reservation:war:1.0.0
[INFO] +- org.springframework:spring-webmvc:jar:4.3.30.RELEASE:compile
[INFO] |  +- org.springframework:spring-aop:jar:4.3.30.RELEASE:compile
[INFO] |  +- org.springframework:spring-beans:jar:4.3.30.RELEASE:compile
[INFO] |  +- org.springframework:spring-context:jar:4.3.30.RELEASE:compile
[INFO] |  +- org.springframework:spring-core:jar:4.3.30.RELEASE:compile
[INFO] |  +- org.springframework:spring-expression:jar:4.3.30.RELEASE:compile
[INFO] |  \- org.springframework:spring-web:jar:4.3.30.RELEASE:compile
[INFO] +- org.springframework:spring-orm:jar:4.3.30.RELEASE:compile
[INFO] |  \- org.springframework:spring-jdbc:jar:4.3.30.RELEASE:compile
[INFO] +- org.springframework:spring-tx:jar:4.3.30.RELEASE:compile
[INFO] +- org.hibernate:hibernate-core:jar:5.1.17.Final:compile
[INFO] |  +- org.jboss.logging:jboss-logging:jar:3.3.0.Final:compile
[INFO] |  +- org.hibernate.javax.persistence:hibernate-jpa-2.1-api:jar:1.0.0.Final:compile
[INFO] |  +- org.javassist:javassist:jar:3.20.0-GA:compile
[INFO] |  +- antlr:antlr:jar:2.7.7:compile
[INFO] |  +- org.apache.geronimo.specs:geronimo-jta_1.1_spec:jar:1.1.1:compile
[INFO] |  +- org.jboss:jandex:jar:2.0.3.Final:compile
[INFO] |  +- com.fasterxml:classmate:jar:1.3.0:compile
[INFO] |  +- org.dom4j:dom4j:jar:2.1.1:compile
[INFO] |  \- org.hibernate.common:hibernate-commons-annotations:jar:5.0.1.Final:compile
[INFO] +- org.hibernate:hibernate-entitymanager:jar:5.1.17.Final:compile
[INFO] +- com.h2database:h2:jar:1.4.200:compile
[INFO] +- org.apache.commons:commons-dbcp2:jar:2.8.0:compile
[INFO] |  +- org.apache.commons:commons-pool2:jar:2.8.1:compile
[INFO] |  \- commons-logging:commons-logging:jar:1.2:compile
[INFO] +- javax.servlet:javax.servlet-api:jar:3.1.0:provided
[INFO] +- javax.servlet.jsp:javax.servlet.jsp-api:jar:2.3.3:provided
[INFO] +- javax.servlet:jstl:jar:1.2:compile
[INFO] +- commons-fileupload:commons-fileupload:jar:1.4:compile
[INFO] |  \- commons-io:commons-io:jar:2.2:compile
[INFO] +- org.hibernate:hibernate-java8:jar:5.1.17.Final:compile
[INFO] +- org.slf4j:slf4j-api:jar:1.7.30:compile
[INFO] +- ch.qos.logback:logback-classic:jar:1.2.3:compile
[INFO] |  \- ch.qos.logback:logback-core:jar:1.2.3:compile
[INFO] \- junit:junit:jar:4.13.2:test
[INFO]    \- org.hamcrest:hamcrest-core:jar:1.3:test
[INFO] ------------------------------------------------------------------------
[INFO] BUILD SUCCESS
[INFO] ------------------------------------------------------------------------
[INFO] Total time:  0.880 s
[INFO] Finished at: 2025-06-16T02:33:08+09:00
[INFO] ------------------------------------------------------------------------
2025-06-15T17:33:08.080Z [INFO] [MavenBuildTool] Successfully got dependency tree of /Users/ihcomega/workspace/java-on-azure-day
2025-06-15T17:33:11.145Z [INFO] Run tests before upgrade...
