2025-06-15T17:40:58.224Z [INFO] [MavenBuildTool] Getting build errors of /Users/ihcomega/workspace/java-on-azure-day using Maven
2025-06-15T17:40:58.224Z [INFO] [Environment] Running command (Java 21): mvn --version
Apache Maven 3.9.10 (5f519b97e944483d878815739f519b2eade0a91d)
Maven home: /opt/homebrew/Cellar/maven/3.9.10/libexec
Java version: 21.0.2, vendor: BellSoft, runtime: /Users/ihcomega/.sdkman/candidates/java/21.0.2-librca
Default locale: ja_US, platform encoding: UTF-8
OS name: "mac os x", version: "15.5", arch: "aarch64", family: "mac"
2025-06-15T17:40:59.083Z [INFO] [Environment] Running command (Java 21): mvn -Dencoding=UTF-8 clean test-compile -q -B -fn
[ERROR] COMPILATION ERROR : 
[ERROR] /Users/ihcomega/workspace/java-on-azure-day/src/main/java/com/example/ticketreservation/dao/EventDAO.java:[6,21] シンボルを見つけられません
  シンボル:   クラス Query
  場所: パッケージ org.hibernate
[ERROR] /Users/ihcomega/workspace/java-on-azure-day/src/main/java/com/example/ticketreservation/model/Reservation.java:[6,2] シンボルを見つけられません
  シンボル: クラス Entity
[ERROR] /Users/ihcomega/workspace/java-on-azure-day/src/main/java/com/example/ticketreservation/model/Reservation.java:[7,2] シンボルを見つけられません
  シンボル: クラス Table
[ERROR] /Users/ihcomega/workspace/java-on-azure-day/src/main/java/com/example/ticketreservation/model/Reservation.java:[3,1] パッケージjavax.persistenceは存在しません
[ERROR] /Users/ihcomega/workspace/java-on-azure-day/src/main/java/com/example/ticketreservation/dao/ReservationDAO.java:[6,21] シンボルを見つけられません
  シンボル:   クラス Query
  場所: パッケージ org.hibernate
[ERROR] /Users/ihcomega/workspace/java-on-azure-day/src/main/java/com/example/ticketreservation/model/Reservation.java:[10,6] シンボルを見つけられません
  シンボル:   クラス Id
  場所: クラス com.example.ticketreservation.model.Reservation
[ERROR] /Users/ihcomega/workspace/java-on-azure-day/src/main/java/com/example/ticketreservation/model/Reservation.java:[11,6] シンボルを見つけられません
  シンボル:   クラス GeneratedValue
  場所: クラス com.example.ticketreservation.model.Reservation
[ERROR] /Users/ihcomega/workspace/java-on-azure-day/src/main/java/com/example/ticketreservation/model/Reservation.java:[11,32] シンボルを見つけられません
  シンボル:   変数 GenerationType
  場所: クラス com.example.ticketreservation.model.Reservation
[ERROR] /Users/ihcomega/workspace/java-on-azure-day/src/main/java/com/example/ticketreservation/model/Reservation.java:[14,6] シンボルを見つけられません
  シンボル:   クラス ManyToOne
  場所: クラス com.example.ticketreservation.model.Reservation
[ERROR] /Users/ihcomega/workspace/java-on-azure-day/src/main/java/com/example/ticketreservation/model/Reservation.java:[14,24] シンボルを見つけられません
  シンボル:   変数 FetchType
  場所: クラス com.example.ticketreservation.model.Reservation
[ERROR] /Users/ihcomega/workspace/java-on-azure-day/src/main/java/com/example/ticketreservation/model/Reservation.java:[15,6] シンボルを見つけられません
  シンボル:   クラス JoinColumn
  場所: クラス com.example.ticketreservation.model.Reservation
[ERROR] /Users/ihcomega/workspace/java-on-azure-day/src/main/java/com/example/ticketreservation/model/Reservation.java:[18,6] シンボルを見つけられません
  シンボル:   クラス Column
  場所: クラス com.example.ticketreservation.model.Reservation
[ERROR] /Users/ihcomega/workspace/java-on-azure-day/src/main/java/com/example/ticketreservation/model/Reservation.java:[21,6] シンボルを見つけられません
  シンボル:   クラス Column
  場所: クラス com.example.ticketreservation.model.Reservation
[ERROR] /Users/ihcomega/workspace/java-on-azure-day/src/main/java/com/example/ticketreservation/model/Reservation.java:[24,6] シンボルを見つけられません
  シンボル:   クラス Column
  場所: クラス com.example.ticketreservation.model.Reservation
[ERROR] /Users/ihcomega/workspace/java-on-azure-day/src/main/java/com/example/ticketreservation/model/Reservation.java:[27,6] シンボルを見つけられません
  シンボル:   クラス Column
  場所: クラス com.example.ticketreservation.model.Reservation
[ERROR] /Users/ihcomega/workspace/java-on-azure-day/src/main/java/com/example/ticketreservation/model/Reservation.java:[30,6] シンボルを見つけられません
  シンボル:   クラス Column
  場所: クラス com.example.ticketreservation.model.Reservation
[ERROR] /Users/ihcomega/workspace/java-on-azure-day/src/main/java/com/example/ticketreservation/model/Reservation.java:[33,6] シンボルを見つけられません
  シンボル:   クラス Enumerated
  場所: クラス com.example.ticketreservation.model.Reservation
[ERROR] /Users/ihcomega/workspace/java-on-azure-day/src/main/java/com/example/ticketreservation/model/Reservation.java:[33,17] シンボルを見つけられません
  シンボル:   変数 EnumType
  場所: クラス com.example.ticketreservation.model.Reservation
[ERROR] /Users/ihcomega/workspace/java-on-azure-day/src/main/java/com/example/ticketreservation/model/Reservation.java:[34,6] シンボルを見つけられません
  シンボル:   クラス Column
  場所: クラス com.example.ticketreservation.model.Reservation
[ERROR] /Users/ihcomega/workspace/java-on-azure-day/src/main/java/com/example/ticketreservation/model/Reservation.java:[37,6] シンボルを見つけられません
  シンボル:   クラス Column
  場所: クラス com.example.ticketreservation.model.Reservation
[ERROR] /Users/ihcomega/workspace/java-on-azure-day/src/main/java/com/example/ticketreservation/model/Reservation.java:[40,6] シンボルを見つけられません
  シンボル:   クラス Column
  場所: クラス com.example.ticketreservation.model.Reservation
[ERROR] /Users/ihcomega/workspace/java-on-azure-day/src/main/java/com/example/ticketreservation/model/Reservation.java:[146,6] シンボルを見つけられません
  シンボル:   クラス PreUpdate
  場所: クラス com.example.ticketreservation.model.Reservation
[ERROR] /Users/ihcomega/workspace/java-on-azure-day/src/main/java/com/example/ticketreservation/dao/EventDAO.java:[40,9] シンボルを見つけられません
  シンボル:   クラス Query
  場所: クラス com.example.ticketreservation.dao.EventDAO
[ERROR] /Users/ihcomega/workspace/java-on-azure-day/src/main/java/com/example/ticketreservation/dao/EventDAO.java:[51,9] シンボルを見つけられません
  シンボル:   クラス Query
  場所: クラス com.example.ticketreservation.dao.EventDAO
[ERROR] /Users/ihcomega/workspace/java-on-azure-day/src/main/java/com/example/ticketreservation/dao/EventDAO.java:[61,9] シンボルを見つけられません
  シンボル:   クラス Query
  場所: クラス com.example.ticketreservation.dao.EventDAO
[ERROR] /Users/ihcomega/workspace/java-on-azure-day/src/main/java/com/example/ticketreservation/dao/ReservationDAO.java:[22,9] シンボルを見つけられません
  シンボル:   クラス Query
  場所: クラス com.example.ticketreservation.dao.ReservationDAO
[ERROR] /Users/ihcomega/workspace/java-on-azure-day/src/main/java/com/example/ticketreservation/dao/ReservationDAO.java:[36,9] シンボルを見つけられません
  シンボル:   クラス Query
  場所: クラス com.example.ticketreservation.dao.ReservationDAO
[ERROR] /Users/ihcomega/workspace/java-on-azure-day/src/main/java/com/example/ticketreservation/dao/ReservationDAO.java:[46,9] シンボルを見つけられません
  シンボル:   クラス Query
  場所: クラス com.example.ticketreservation.dao.ReservationDAO
[ERROR] /Users/ihcomega/workspace/java-on-azure-day/src/main/java/com/example/ticketreservation/dao/ReservationDAO.java:[56,9] シンボルを見つけられません
  シンボル:   クラス Query
  場所: クラス com.example.ticketreservation.dao.ReservationDAO
[ERROR] Failed to execute goal org.apache.maven.plugins:maven-compiler-plugin:3.11.0:compile (default-compile) on project ticket-reservation: Compilation failure: Compilation failure: 
[ERROR] /Users/ihcomega/workspace/java-on-azure-day/src/main/java/com/example/ticketreservation/dao/EventDAO.java:[6,21] シンボルを見つけられません
[ERROR]   シンボル:   クラス Query
[ERROR]   場所: パッケージ org.hibernate
[ERROR] /Users/ihcomega/workspace/java-on-azure-day/src/main/java/com/example/ticketreservation/model/Reservation.java:[6,2] シンボルを見つけられません
[ERROR]   シンボル: クラス Entity
[ERROR] /Users/ihcomega/workspace/java-on-azure-day/src/main/java/com/example/ticketreservation/model/Reservation.java:[7,2] シンボルを見つけられません
[ERROR]   シンボル: クラス Table
[ERROR] /Users/ihcomega/workspace/java-on-azure-day/src/main/java/com/example/ticketreservation/model/Reservation.java:[3,1] パッケージjavax.persistenceは存在しません
[ERROR] /Users/ihcomega/workspace/java-on-azure-day/src/main/java/com/example/ticketreservation/dao/ReservationDAO.java:[6,21] シンボルを見つけられません
[ERROR]   シンボル:   クラス Query
[ERROR]   場所: パッケージ org.hibernate
[ERROR] /Users/ihcomega/workspace/java-on-azure-day/src/main/java/com/example/ticketreservation/model/Reservation.java:[10,6] シンボルを見つけられません
[ERROR]   シンボル:   クラス Id
[ERROR]   場所: クラス com.example.ticketreservation.model.Reservation
[ERROR] /Users/ihcomega/workspace/java-on-azure-day/src/main/java/com/example/ticketreservation/model/Reservation.java:[11,6] シンボルを見つけられません
[ERROR]   シンボル:   クラス GeneratedValue
[ERROR]   場所: クラス com.example.ticketreservation.model.Reservation
[ERROR] /Users/ihcomega/workspace/java-on-azure-day/src/main/java/com/example/ticketreservation/model/Reservation.java:[11,32] シンボルを見つけられません
[ERROR]   シンボル:   変数 GenerationType
[ERROR]   場所: クラス com.example.ticketreservation.model.Reservation
[ERROR] /Users/ihcomega/workspace/java-on-azure-day/src/main/java/com/example/ticketreservation/model/Reservation.java:[14,6] シンボルを見つけられません
[ERROR]   シンボル:   クラス ManyToOne
[ERROR]   場所: クラス com.example.ticketreservation.model.Reservation
[ERROR] /Users/ihcomega/workspace/java-on-azure-day/src/main/java/com/example/ticketreservation/model/Reservation.java:[14,24] シンボルを見つけられません
[ERROR]   シンボル:   変数 FetchType
[ERROR]   場所: クラス com.example.ticketreservation.model.Reservation
[ERROR] /Users/ihcomega/workspace/java-on-azure-day/src/main/java/com/example/ticketreservation/model/Reservation.java:[15,6] シンボルを見つけられません
[ERROR]   シンボル:   クラス JoinColumn
[ERROR]   場所: クラス com.example.ticketreservation.model.Reservation
[ERROR] /Users/ihcomega/workspace/java-on-azure-day/src/main/java/com/example/ticketreservation/model/Reservation.java:[18,6] シンボルを見つけられません
[ERROR]   シンボル:   クラス Column
[ERROR]   場所: クラス com.example.ticketreservation.model.Reservation
[ERROR] /Users/ihcomega/workspace/java-on-azure-day/src/main/java/com/example/ticketreservation/model/Reservation.java:[21,6] シンボルを見つけられません
[ERROR]   シンボル:   クラス Column
[ERROR]   場所: クラス com.example.ticketreservation.model.Reservation
[ERROR] /Users/ihcomega/workspace/java-on-azure-day/src/main/java/com/example/ticketreservation/model/Reservation.java:[24,6] シンボルを見つけられません
[ERROR]   シンボル:   クラス Column
[ERROR]   場所: クラス com.example.ticketreservation.model.Reservation
[ERROR] /Users/ihcomega/workspace/java-on-azure-day/src/main/java/com/example/ticketreservation/model/Reservation.java:[27,6] シンボルを見つけられません
[ERROR]   シンボル:   クラス Column
[ERROR]   場所: クラス com.example.ticketreservation.model.Reservation
[ERROR] /Users/ihcomega/workspace/java-on-azure-day/src/main/java/com/example/ticketreservation/model/Reservation.java:[30,6] シンボルを見つけられません
[ERROR]   シンボル:   クラス Column
[ERROR]   場所: クラス com.example.ticketreservation.model.Reservation
[ERROR] /Users/ihcomega/workspace/java-on-azure-day/src/main/java/com/example/ticketreservation/model/Reservation.java:[33,6] シンボルを見つけられません
[ERROR]   シンボル:   クラス Enumerated
[ERROR]   場所: クラス com.example.ticketreservation.model.Reservation
[ERROR] /Users/ihcomega/workspace/java-on-azure-day/src/main/java/com/example/ticketreservation/model/Reservation.java:[33,17] シンボルを見つけられません
[ERROR]   シンボル:   変数 EnumType
[ERROR]   場所: クラス com.example.ticketreservation.model.Reservation
[ERROR] /Users/ihcomega/workspace/java-on-azure-day/src/main/java/com/example/ticketreservation/model/Reservation.java:[34,6] シンボルを見つけられません
[ERROR]   シンボル:   クラス Column
[ERROR]   場所: クラス com.example.ticketreservation.model.Reservation
[ERROR] /Users/ihcomega/workspace/java-on-azure-day/src/main/java/com/example/ticketreservation/model/Reservation.java:[37,6] シンボルを見つけられません
[ERROR]   シンボル:   クラス Column
[ERROR]   場所: クラス com.example.ticketreservation.model.Reservation
[ERROR] /Users/ihcomega/workspace/java-on-azure-day/src/main/java/com/example/ticketreservation/model/Reservation.java:[40,6] シンボルを見つけられません
[ERROR]   シンボル:   クラス Column
[ERROR]   場所: クラス com.example.ticketreservation.model.Reservation
[ERROR] /Users/ihcomega/workspace/java-on-azure-day/src/main/java/com/example/ticketreservation/model/Reservation.java:[146,6] シンボルを見つけられません
[ERROR]   シンボル:   クラス PreUpdate
[ERROR]   場所: クラス com.example.ticketreservation.model.Reservation
[ERROR] /Users/ihcomega/workspace/java-on-azure-day/src/main/java/com/example/ticketreservation/dao/EventDAO.java:[40,9] シンボルを見つけられません
[ERROR]   シンボル:   クラス Query
[ERROR]   場所: クラス com.example.ticketreservation.dao.EventDAO
[ERROR] /Users/ihcomega/workspace/java-on-azure-day/src/main/java/com/example/ticketreservation/dao/EventDAO.java:[51,9] シンボルを見つけられません
[ERROR]   シンボル:   クラス Query
[ERROR]   場所: クラス com.example.ticketreservation.dao.EventDAO
[ERROR] /Users/ihcomega/workspace/java-on-azure-day/src/main/java/com/example/ticketreservation/dao/EventDAO.java:[61,9] シンボルを見つけられません
[ERROR]   シンボル:   クラス Query
[ERROR]   場所: クラス com.example.ticketreservation.dao.EventDAO
[ERROR] /Users/ihcomega/workspace/java-on-azure-day/src/main/java/com/example/ticketreservation/dao/ReservationDAO.java:[22,9] シンボルを見つけられません
[ERROR]   シンボル:   クラス Query
[ERROR]   場所: クラス com.example.ticketreservation.dao.ReservationDAO
[ERROR] /Users/ihcomega/workspace/java-on-azure-day/src/main/java/com/example/ticketreservation/dao/ReservationDAO.java:[36,9] シンボルを見つけられません
[ERROR]   シンボル:   クラス Query
[ERROR]   場所: クラス com.example.ticketreservation.dao.ReservationDAO
[ERROR] /Users/ihcomega/workspace/java-on-azure-day/src/main/java/com/example/ticketreservation/dao/ReservationDAO.java:[46,9] シンボルを見つけられません
[ERROR]   シンボル:   クラス Query
[ERROR]   場所: クラス com.example.ticketreservation.dao.ReservationDAO
[ERROR] /Users/ihcomega/workspace/java-on-azure-day/src/main/java/com/example/ticketreservation/dao/ReservationDAO.java:[56,9] シンボルを見つけられません
[ERROR]   シンボル:   クラス Query
[ERROR]   場所: クラス com.example.ticketreservation.dao.ReservationDAO
[ERROR] -> [Help 1]
[ERROR] 
[ERROR] To see the full stack trace of the errors, re-run Maven with the -e switch.
[ERROR] Re-run Maven using the -X switch to enable full debug logging.
[ERROR] 
[ERROR] For more information about the errors and possible solutions, please read the following articles:
[ERROR] [Help 1] http://cwiki.apache.org/confluence/display/MAVEN/MojoFailureException
2025-06-15T17:41:02.328Z [INFO] [MavenBuildTool] parsing compilation errors.
